Archive member included because of file (symbol)

/opt/toolchains/gen//m68k-elf/lib/libmd.a(sys.o)
                              boot/sega.o (registerState)
/opt/toolchains/gen//m68k-elf/lib/libmd.a(tile_cache.o)
                              /opt/toolchains/gen//m68k-elf/lib/libmd.a(sys.o) (uploads)
/opt/toolchains/gen//m68k-elf/lib/libmd.a(timer.o)
                              /opt/toolchains/gen//m68k-elf/lib/libmd.a(sys.o) (vtimer)
/opt/toolchains/gen//m68k-elf/lib/libmd.a(tools.o)
                              /opt/toolchains/gen//m68k-elf/lib/libmd.a(tile_cache.o) (unpackTileSet)
/opt/toolchains/gen//m68k-elf/lib/libmd.a(vdp.o)
                              /opt/toolchains/gen//m68k-elf/lib/libmd.a(timer.o) (screenHeight)
/opt/toolchains/gen//m68k-elf/lib/libmd.a(vdp_bg.o)
                              /opt/toolchains/gen//m68k-elf/lib/libmd.a(vdp.o) (VDP_setVerticalScroll)
/opt/toolchains/gen//m68k-elf/lib/libmd.a(vdp_dma.o)
                              /opt/toolchains/gen//m68k-elf/lib/libmd.a(vdp_bg.o) (VDP_doDMAEx)
/opt/toolchains/gen//m68k-elf/lib/libmd.a(vdp_pal.o)
                              /opt/toolchains/gen//m68k-elf/lib/libmd.a(sys.o) (VDP_doStepFading)
/opt/toolchains/gen//m68k-elf/lib/libmd.a(vdp_spr.o)
                              /opt/toolchains/gen//m68k-elf/lib/libmd.a(vdp.o) (VDP_resetSprites)
/opt/toolchains/gen//m68k-elf/lib/libmd.a(vdp_tile.o)
                              /opt/toolchains/gen//m68k-elf/lib/libmd.a(vdp_bg.o) (VDP_loadTileSet)
/opt/toolchains/gen//m68k-elf/lib/libmd.a(z80_ctrl.o)
                              /opt/toolchains/gen//m68k-elf/lib/libmd.a(sys.o) (Z80_init)
/opt/toolchains/gen//m68k-elf/lib/libmd.a(z80_vgm.o)
                              /opt/toolchains/gen//m68k-elf/lib/libmd.a(z80_ctrl.o) (z80_vgm)
/opt/toolchains/gen//m68k-elf/lib/libmd.a(kdebug.o)
                              /opt/toolchains/gen//m68k-elf/lib/libmd.a(tools.o) (KDebug_Alert)
/opt/toolchains/gen//m68k-elf/lib/libmd.a(memory_a.o)
                              /opt/toolchains/gen//m68k-elf/lib/libmd.a(tools.o) (memcpy)
/opt/toolchains/gen//m68k-elf/lib/libmd.a(smp_null.o)
                              /opt/toolchains/gen//m68k-elf/lib/libmd.a(z80_ctrl.o) (smp_null)
/opt/toolchains/gen//m68k-elf/lib/libmd.a(smp_null_pcm.o)
                              /opt/toolchains/gen//m68k-elf/lib/libmd.a(z80_ctrl.o) (smp_null_pcm)
/opt/toolchains/gen//m68k-elf/lib/libmd.a(sys_a.o)
                              /opt/toolchains/gen//m68k-elf/lib/libmd.a(timer.o) (SYS_getInterruptMaskLevel)
/opt/toolchains/gen//m68k-elf/lib/libmd.a(tools_a.o)
                              /opt/toolchains/gen//m68k-elf/lib/libmd.a(tools.o) (aplib_unpack)
/opt/toolchains/gen//m68k-elf/lib/libmd.a(vdp_pal_a.o)
                              /opt/toolchains/gen//m68k-elf/lib/libmd.a(vdp_pal.o) (VDP_getPaletteColors)
/opt/toolchains/gen//m68k-elf/lib/libmd.a(vdp_tile_a.o)
                              /opt/toolchains/gen//m68k-elf/lib/libmd.a(tile_cache.o) (VDP_loadTileData)
/opt/toolchains/gen//m68k-elf/lib/libmd.a(z80_drv1.o)
                              /opt/toolchains/gen//m68k-elf/lib/libmd.a(z80_ctrl.o) (z80_drv1)
/opt/toolchains/gen//m68k-elf/lib/libmd.a(z80_drv2.o)
                              /opt/toolchains/gen//m68k-elf/lib/libmd.a(z80_ctrl.o) (z80_drv2)
/opt/toolchains/gen//m68k-elf/lib/libmd.a(z80_drv3.o)
                              /opt/toolchains/gen//m68k-elf/lib/libmd.a(z80_ctrl.o) (z80_drv3)
/opt/toolchains/gen//m68k-elf/lib/libmd.a(z80_mvs.o)
                              /opt/toolchains/gen//m68k-elf/lib/libmd.a(z80_ctrl.o) (z80_mvs)
/opt/toolchains/gen//m68k-elf/lib/libmd.a(z80_tfm.o)
                              /opt/toolchains/gen//m68k-elf/lib/libmd.a(z80_ctrl.o) (z80_tfm)
/opt/toolchains/gen//m68k-elf/lib/libmd.a(z80_xgm.o)
                              /opt/toolchains/gen//m68k-elf/lib/libmd.a(z80_ctrl.o) (z80_xgm)
/opt/toolchains/gen//m68k-elf/lib/libmd.a(libres.o)
                              /opt/toolchains/gen//m68k-elf/lib/libmd.a(vdp.o) (font_lib)
/opt/toolchains/gen//m68k-elf/lib/libmd.a(bmp.o)
                              /opt/toolchains/gen//m68k-elf/lib/libmd.a(sys.o) (BMP_doVBlankProcess)
/opt/toolchains/gen//m68k-elf/lib/libmd.a(dma.o)
                              /opt/toolchains/gen//m68k-elf/lib/libmd.a(sys.o) (DMA_flushQueue)
/opt/toolchains/gen//m68k-elf/lib/libmd.a(joy.o)
                              /opt/toolchains/gen//m68k-elf/lib/libmd.a(sys.o) (JOY_init)
/opt/toolchains/gen//m68k-elf/lib/libmd.a(maths.o)
                              /opt/toolchains/gen//m68k-elf/lib/libmd.a(sys.o) (randbase)
/opt/toolchains/gen//m68k-elf/lib/libmd.a(memory.o)
                              /opt/toolchains/gen//m68k-elf/lib/libmd.a(sys.o) (MEM_init)
/opt/toolchains/gen//m68k-elf/lib/libmd.a(psg.o)
                              /opt/toolchains/gen//m68k-elf/lib/libmd.a(sys.o) (PSG_init)
/opt/toolchains/gen//m68k-elf/lib/libmd.a(sound.o)
                              /opt/toolchains/gen//m68k-elf/lib/libmd.a(sys.o) (SND_set68KBUSProtection_XGM)
/opt/toolchains/gen//m68k-elf/lib/libmd.a(string.o)
                              /opt/toolchains/gen//m68k-elf/lib/libmd.a(sys.o) (strlen)
/opt/toolchains/gen//m68k-elf/lib/libmd.a(tab_cnv.o)
                              /opt/toolchains/gen//m68k-elf/lib/libmd.a(maths.o) (cnv_bcd_tab)
/opt/toolchains/gen//m68k-elf/lib/libmd.a(tab_vol.o)
                              /opt/toolchains/gen//m68k-elf/lib/libmd.a(z80_ctrl.o) (tab_vol)
/opt/toolchains/gen//m68k-elf/lib/libmd.a(types.o)
                              /opt/toolchains/gen//m68k-elf/lib/libmd.a(z80_ctrl.o) (getZeroU8)
/opt/toolchains/gen//m68k-elf/lib/libmd.a(ym2612.o)
                              /opt/toolchains/gen//m68k-elf/lib/libmd.a(z80_ctrl.o) (YM2612_reset)
/opt/toolchains/gen//m68k-elf/lib/libmd.a(bmp_a.o)
                              /opt/toolchains/gen//m68k-elf/lib/libmd.a(bmp.o) (clearBitmapBuffer)
/opt/toolchains/gen//m68k-elf/lib/gcc/m68k-elf/4.8.2/libgcc.a(_mulsi3.o)
                              /opt/toolchains/gen//m68k-elf/lib/libmd.a(tools.o) (__mulsi3)
/opt/toolchains/gen//m68k-elf/lib/gcc/m68k-elf/4.8.2/libgcc.a(_udivsi3.o)
                              /opt/toolchains/gen//m68k-elf/lib/libmd.a(timer.o) (__udivsi3)
/opt/toolchains/gen//m68k-elf/lib/gcc/m68k-elf/4.8.2/libgcc.a(_divsi3.o)
                              /opt/toolchains/gen//m68k-elf/lib/libmd.a(vdp_pal.o) (__divsi3)
/opt/toolchains/gen//m68k-elf/lib/gcc/m68k-elf/4.8.2/libgcc.a(_umodsi3.o)
                              /opt/toolchains/gen//m68k-elf/lib/libmd.a(string.o) (__umodsi3)

Allocating common symbols
Common symbol       size              file

illegalInstCB       0x4               /opt/toolchains/gen//m68k-elf/lib/libmd.a(sys.o)
slist_adr           0x2               /opt/toolchains/gen//m68k-elf/lib/libmd.a(vdp.o)
errorExceptionCB    0x4               /opt/toolchains/gen//m68k-elf/lib/libmd.a(sys.o)
trapvInstCB         0x4               /opt/toolchains/gen//m68k-elf/lib/libmd.a(sys.o)
vtimer              0x4               /opt/toolchains/gen//m68k-elf/lib/libmd.a(timer.o)
driverFlags         0x2               /opt/toolchains/gen//m68k-elf/lib/libmd.a(z80_ctrl.o)
dmaQueues           0x200             /opt/toolchains/gen//m68k-elf/lib/libmd.a(dma.o)
chkInstCB           0x4               /opt/toolchains/gen//m68k-elf/lib/libmd.a(sys.o)
registerState       0x40              /opt/toolchains/gen//m68k-elf/lib/libmd.a(sys.o)
text_basetile       0x2               /opt/toolchains/gen//m68k-elf/lib/libmd.a(vdp_bg.o)
bmp_buffer_write    0x4               /opt/toolchains/gen//m68k-elf/lib/libmd.a(bmp.o)
srState             0x2               /opt/toolchains/gen//m68k-elf/lib/libmd.a(sys.o)
line1x1xCB          0x4               /opt/toolchains/gen//m68k-elf/lib/libmd.a(sys.o)
randbase            0x2               /opt/toolchains/gen//m68k-elf/lib/libmd.a(maths.o)
ext2State           0x2               /opt/toolchains/gen//m68k-elf/lib/libmd.a(sys.o)
traceCB             0x4               /opt/toolchains/gen//m68k-elf/lib/libmd.a(sys.o)
intTrace            0x2               /opt/toolchains/gen//m68k-elf/lib/libmd.a(sys.o)
zeroDivideCB        0x4               /opt/toolchains/gen//m68k-elf/lib/libmd.a(sys.o)
curTileInd          0x2               /opt/toolchains/gen//m68k-elf/lib/libmd.a(vdp_bg.o)
hscrl_adr           0x2               /opt/toolchains/gen//m68k-elf/lib/libmd.a(vdp.o)
internalExtIntCB    0x4               /opt/toolchains/gen//m68k-elf/lib/libmd.a(sys.o)
spriteNum           0x2               /opt/toolchains/gen//m68k-elf/lib/libmd.a(vdp_spr.o)
text_plan           0x4               /opt/toolchains/gen//m68k-elf/lib/libmd.a(vdp_bg.o)
screenHeight        0x2               /opt/toolchains/gen//m68k-elf/lib/libmd.a(vdp.o)
internalVIntCB      0x4               /opt/toolchains/gen//m68k-elf/lib/libmd.a(sys.o)
intCB               0x4               /opt/toolchains/gen//m68k-elf/lib/libmd.a(sys.o)
screenWidth         0x2               /opt/toolchains/gen//m68k-elf/lib/libmd.a(vdp.o)
addressErrorCB      0x4               /opt/toolchains/gen//m68k-elf/lib/libmd.a(sys.o)
bmp_buffer_read     0x4               /opt/toolchains/gen//m68k-elf/lib/libmd.a(bmp.o)
VIntProcess         0x4               /opt/toolchains/gen//m68k-elf/lib/libmd.a(sys.o)
currentDriver       0x2               /opt/toolchains/gen//m68k-elf/lib/libmd.a(z80_ctrl.o)
vdpSpriteCache      0x280             /opt/toolchains/gen//m68k-elf/lib/libmd.a(vdp_spr.o)
uploads             0x4               /opt/toolchains/gen//m68k-elf/lib/libmd.a(tile_cache.o)
ExtIntProcess       0x4               /opt/toolchains/gen//m68k-elf/lib/libmd.a(sys.o)
aplan_adr           0x2               /opt/toolchains/gen//m68k-elf/lib/libmd.a(vdp.o)
bplan_adr           0x2               /opt/toolchains/gen//m68k-elf/lib/libmd.a(vdp.o)
HIntProcess         0x4               /opt/toolchains/gen//m68k-elf/lib/libmd.a(sys.o)
privilegeViolationCB
                    0x4               /opt/toolchains/gen//m68k-elf/lib/libmd.a(sys.o)
pcState             0x4               /opt/toolchains/gen//m68k-elf/lib/libmd.a(sys.o)
ext1State           0x2               /opt/toolchains/gen//m68k-elf/lib/libmd.a(sys.o)
busErrorCB          0x4               /opt/toolchains/gen//m68k-elf/lib/libmd.a(sys.o)
internalHIntCB      0x4               /opt/toolchains/gen//m68k-elf/lib/libmd.a(sys.o)
window_adr          0x2               /opt/toolchains/gen//m68k-elf/lib/libmd.a(vdp.o)
addrState           0x4               /opt/toolchains/gen//m68k-elf/lib/libmd.a(sys.o)

Memory Configuration

Name             Origin             Length             Attributes
rom              0x0000000000000000 0x0000000000a00000
ram              0x0000000000ff0000 0x0000000000010000
*default*        0x0000000000000000 0xffffffffffffffff

Linker script and memory map

                0x0000000000000000                __DYNAMIC = 0x0
                0x0000000001000000                PROVIDE (__stack, 0x1000000)

.text           0x0000000000000000    0x14f20
 *(.text.keepboot)
 .text.keepboot
                0x0000000000000000      0x5f4 boot/sega.o
 *(.text.*)
 .text.startup  0x00000000000005f4       0x26 main.o
                0x00000000000005f4                main
 *(.text)
 *fill*         0x000000000000061a        0x2 
 .text          0x000000000000061c        0x0 boot/sega.o
 .text          0x000000000000061c      0x9d8 /opt/toolchains/gen//m68k-elf/lib/libmd.a(sys.o)
                0x000000000000061c                _trace_callback
                0x000000000000061e                _line1x1x_callback
                0x0000000000000620                _int_callback
                0x0000000000000622                _extint_callback
                0x0000000000000a10                _buserror_callback
                0x0000000000000a38                _addresserror_callback
                0x0000000000000aec                _illegalinst_callback
                0x0000000000000b14                _chkinst_callback
                0x0000000000000b3c                _trapvinst_callback
                0x0000000000000b64                _vint_callback
                0x0000000000000c62                _hint_callback
                0x0000000000000d98                _zerodivide_callback
                0x0000000000000dc0                _privilegeviolation_callback
                0x0000000000000de8                _errorexception_callback
                0x0000000000000e10                _start_entry
                0x0000000000000ec4                _reset_entry
                0x0000000000000ed4                SYS_disableInts
                0x0000000000000f04                SYS_enableInts
                0x0000000000000f30                SYS_setVIntPreCallback
                0x0000000000000f3a                SYS_setVIntCallback
                0x0000000000000f44                SYS_setHIntCallback
                0x0000000000000f4e                SYS_setExtIntCallback
                0x0000000000000f58                SYS_isInVIntCallback
                0x0000000000000f64                SYS_isInHIntCallback
                0x0000000000000f70                SYS_isInExtIntCallback
                0x0000000000000f7c                SYS_isInInterrupt
                0x0000000000000f84                SYS_isNTSC
                0x0000000000000f94                SYS_isPAL
                0x0000000000000fa0                SYS_die
 .text          0x0000000000000ff4      0x65c /opt/toolchains/gen//m68k-elf/lib/libmd.a(tile_cache.o)
                0x0000000000001094                TC_init
                0x00000000000010cc                TC_end
                0x000000000000112e                TC_createCacheEx
                0x0000000000001174                TC_createCache
                0x0000000000001196                TC_releaseCache
                0x00000000000011a8                TC_clearCache
                0x00000000000011ba                TC_flushCache
                0x00000000000011c4                TC_alloc
                0x00000000000014ae                TC_reAlloc
                0x000000000000153a                TC_free
                0x00000000000015b4                TC_getTileIndex
                0x0000000000001602                TC_uploadAtVBlank
                0x0000000000001636                TC_doVBlankProcess
 .text          0x0000000000001650      0x1d4 /opt/toolchains/gen//m68k-elf/lib/libmd.a(timer.o)
                0x0000000000001650                getSubTick
                0x00000000000016a2                getTick
                0x00000000000016ce                getTime
                0x00000000000016f0                getTimeAsFix32
                0x0000000000001704                startTimer
                0x0000000000001726                getTimer
                0x000000000000176a                waitSubTick
                0x00000000000017b2                waitTick
                0x00000000000017f4                waitMs
 .text          0x0000000000001824     0x1860 /opt/toolchains/gen//m68k-elf/lib/libmd.a(tools.o)
                0x0000000000001824                getFPS
                0x000000000000188c                getFPS_f
                0x000000000000190e                KLog
                0x0000000000001932                KLog_U1
                0x000000000000197e                KLog_U2
                0x00000000000019ec                KLog_U3
                0x0000000000001a78                KLog_U4
                0x0000000000001b20                KLog_U1x
                0x0000000000001b70                KLog_U2x
                0x0000000000001be0                KLog_U3x
                0x0000000000001c6c                KLog_U4x
                0x0000000000001d12                KLog_S1
                0x0000000000001d5e                KLog_S2
                0x0000000000001dcc                KLog_S3
                0x0000000000001e58                KLog_S4
                0x0000000000001f00                KLog_S1x
                0x0000000000001f50                KLog_S2x
                0x0000000000001fc0                KLog_S3x
                0x000000000000204c                KLog_S4x
                0x00000000000020f2                KLog_f1
                0x0000000000002142                KLog_f2
                0x00000000000021b8                KLog_f3
                0x0000000000002250                KLog_f4
                0x0000000000002308                KLog_f1x
                0x000000000000235c                KLog_f2x
                0x00000000000023d4                KLog_f3x
                0x000000000000246c                KLog_f4x
                0x0000000000002522                KLog_F1
                0x000000000000256e                KLog_F2
                0x00000000000025dc                KLog_F3
                0x0000000000002668                KLog_F4
                0x0000000000002710                KLog_F1x
                0x0000000000002760                KLog_F2x
                0x00000000000027d0                KLog_F3x
                0x000000000000285c                KLog_F4x
                0x0000000000002902                allocateBitmap
                0x0000000000002962                allocateBitmapEx
                0x00000000000029a4                allocateTileSet
                0x00000000000029ee                allocateTileSetEx
                0x0000000000002a1a                allocateMap
                0x0000000000002a64                allocateMapEx
                0x0000000000002a8e                allocateImage
                0x0000000000002b52                rle4b_unpack
                0x0000000000002bac                rlemap_unpack
                0x0000000000002c44                unpackEx
                0x0000000000002cf2                getTileSet
                0x0000000000002d40                unpack
                0x0000000000002d5e                unpackBitmap
                0x0000000000002df0                unpackTileSet
                0x0000000000002e62                unpackMap
                0x0000000000002ed8                unpackImage
                0x0000000000002f2e                rle4b_unpackVRam
                0x0000000000002fba                uftc_unpack_old
 .text          0x0000000000003084      0x886 /opt/toolchains/gen//m68k-elf/lib/libmd.a(vdp.o)
                0x0000000000003084                VDP_getReg
                0x00000000000030a4                VDP_setReg
                0x00000000000031fc                VDP_getEnable
                0x0000000000003208                VDP_setEnable
                0x0000000000003234                VDP_getScanlineNumber
                0x000000000000324a                VDP_getScreenHeight
                0x0000000000003252                VDP_setScreenHeight224
                0x0000000000003278                VDP_setScreenHeight240
                0x00000000000032aa                VDP_getScreenWidth
                0x00000000000032b2                VDP_setScreenWidth256
                0x00000000000032d8                VDP_setScreenWidth320
                0x00000000000032fe                VDP_getPlanWidth
                0x0000000000003312                VDP_getPlanHeight
                0x0000000000003324                VDP_setPlanSize
                0x0000000000003358                VDP_getVerticalScrollingMode
                0x0000000000003366                VDP_getHorizontalScrollingMode
                0x0000000000003372                VDP_setScrollingMode
                0x00000000000033a4                VDP_getBackgroundColor
                0x00000000000033ac                VDP_setBackgroundColor
                0x00000000000033ca                VDP_getAutoInc
                0x00000000000033d2                VDP_setAutoInc
                0x00000000000033ec                VDP_setHInterrupt
                0x0000000000003418                VDP_setHilightShadow
                0x0000000000003444                VDP_getHIntCounter
                0x000000000000344c                VDP_setHIntCounter
                0x0000000000003466                VDP_getAPlanAddress
                0x000000000000346e                VDP_getBPlanAddress
                0x0000000000003476                VDP_getWindowAddress
                0x000000000000347e                VDP_getWindowPlanAddress
                0x0000000000003486                VDP_getSpriteListAddress
                0x000000000000348e                VDP_getHScrollTableAddress
                0x0000000000003496                VDP_setAPlanAddress
                0x00000000000034ba                VDP_setWindowAddress
                0x00000000000034fc                VDP_setWindowPlanAddress
                0x000000000000350c                VDP_setBPlanAddress
                0x0000000000003530                VDP_setSpriteListAddress
                0x0000000000003572                VDP_setHScrollTableAddress
                0x0000000000003598                VDP_setScanMode
                0x00000000000035e0                VDP_waitDMACompletion
                0x00000000000035ee                VDP_init
                0x00000000000037f0                VDP_waitFIFOEmpty
                0x00000000000037fe                VDP_waitVSync
                0x0000000000003818                VDP_resetScreen
                0x000000000000388c                VDP_showFPS
 *fill*         0x000000000000390a        0x2 
 .text          0x000000000000390c      0x80c /opt/toolchains/gen//m68k-elf/lib/libmd.a(vdp_bg.o)
                0x000000000000390c                VDP_setHorizontalScroll
                0x0000000000003958                VDP_setHorizontalScrollTile
                0x00000000000039fe                VDP_setHorizontalScrollLine
                0x0000000000003aa4                VDP_setVerticalScroll
                0x0000000000003ae2                VDP_setVerticalScrollTile
                0x0000000000003b78                VDP_clearPlan
                0x0000000000003c2e                VDP_getTextPlan
                0x0000000000003c4a                VDP_getTextPalette
                0x0000000000003c5a                VDP_getTextPriority
                0x0000000000003c66                VDP_setTextPlan
                0x0000000000003c8a                VDP_setTextPalette
                0x0000000000003caa                VDP_setTextPriority
                0x0000000000003cc8                VDP_drawTextBG
                0x0000000000003d74                VDP_clearTextBG
                0x0000000000003da6                VDP_clearTextLineBG
                0x0000000000003ddc                VDP_drawText
                0x0000000000003e10                VDP_clearText
                0x0000000000003e3e                VDP_clearTextLine
                0x0000000000003e5a                VDP_drawBitmapEx
                0x0000000000003f6a                VDP_drawBitmap
                0x0000000000003ff2                VDP_drawImageEx
                0x000000000000409a                VDP_drawImage
 .text          0x0000000000004118      0x266 /opt/toolchains/gen//m68k-elf/lib/libmd.a(vdp_dma.o)
                0x0000000000004118                VDP_doDMAEx
                0x0000000000004268                VDP_doDMA
                0x0000000000004292                VDP_doVRamDMAFill
                0x0000000000004306                VDP_doVRamDMACopy
 *fill*         0x000000000000437e        0x2 
 .text          0x0000000000004380      0x618 /opt/toolchains/gen//m68k-elf/lib/libmd.a(vdp_pal.o)
                0x0000000000004438                VDP_getPaletteColor
                0x000000000000446c                VDP_setPaletteColor
                0x00000000000044aa                VDP_doStepFading
                0x0000000000004584                VDP_initFading
                0x00000000000046b0                VDP_interruptFade
                0x00000000000046c2                VDP_fade
                0x0000000000004732                VDP_fadeTo
                0x0000000000004792                VDP_fadeOut
                0x00000000000047c2                VDP_fadeIn
                0x00000000000047f6                VDP_fadePal
                0x0000000000004832                VDP_fadePalTo
                0x000000000000486a                VDP_fadePalOut
                0x00000000000048a4                VDP_fadePalIn
                0x00000000000048e2                VDP_fadeAll
                0x000000000000490a                VDP_fadeAllTo
                0x000000000000492e                VDP_fadeOutAll
                0x0000000000004954                VDP_fadeInAll
                0x000000000000497e                VDP_isDoingFade
                0x000000000000498a                VDP_waitFadeCompletion
 .text          0x0000000000004998      0x3ec /opt/toolchains/gen//m68k-elf/lib/libmd.a(vdp_spr.o)
                0x0000000000004998                VDP_resetSprites
                0x00000000000049b0                VDP_resetSpritesDirect
                0x00000000000049f2                VDP_setSprite
                0x0000000000004a4e                VDP_setSpriteP
                0x0000000000004a9a                VDP_setSpriteDirect
                0x0000000000004b1c                VDP_setSpriteDirectP
                0x0000000000004b9e                VDP_setSpritePosition
                0x0000000000004bde                VDP_setSpritesDirect
                0x0000000000004c70                VDP_setSprites
                0x0000000000004ce2                VDP_updateSprites
 .text          0x0000000000004d84      0xb94 /opt/toolchains/gen//m68k-elf/lib/libmd.a(vdp_tile.o)
                0x0000000000004d84                VDP_loadTileSet
                0x0000000000004e2e                VDP_loadFontData
                0x0000000000004e5e                VDP_loadFont
                0x0000000000004e84                VDP_loadBMPTileDataEx
                0x0000000000004ed8                VDP_fillTileData
                0x0000000000004f92                VDP_setTileMap
                0x0000000000004fd0                VDP_setTileMapXY
                0x0000000000005036                VDP_fillTileMap
                0x00000000000050d2                VDP_fillTileMapRectByIndex
                0x00000000000050fc                VDP_fillTileMapRect
                0x00000000000051a2                VDP_clearTileMap
                0x00000000000051f6                VDP_clearTileMapRectByIndex
                0x0000000000005220                VDP_clearTileMapRect
                0x0000000000005254                VDP_fillTileMapInc
                0x000000000000531e                VDP_fillTileMapRectIncByIndex
                0x0000000000005348                VDP_fillTileMapRectInc
                0x00000000000053f4                VDP_setTileMapData
                0x00000000000054d8                VDP_setTileMapRectByIndex
                0x0000000000005506                VDP_setTileMapDataRect
                0x00000000000055be                VDP_setTileMapDataEx
                0x00000000000056b0                VDP_setTileMapRectExByIndex
                0x00000000000056e2                VDP_setTileMapDataRectEx
                0x00000000000057c8                VDP_setTileMapRectEx
                0x000000000000580c                VDP_setMapEx
                0x00000000000058d4                VDP_setMap
 .text          0x0000000000005918      0x5f2 /opt/toolchains/gen//m68k-elf/lib/libmd.a(z80_ctrl.o)
                0x0000000000005918                Z80_isBusTaken
                0x000000000000592a                Z80_requestBus
                0x0000000000005950                Z80_releaseBus
                0x000000000000595a                Z80_startReset
                0x0000000000005964                Z80_endReset
                0x000000000000596e                Z80_setBank
                0x0000000000005982                Z80_init
                0x00000000000059a0                Z80_read
                0x00000000000059b2                Z80_write
                0x00000000000059c6                Z80_clear
                0x0000000000005a3e                Z80_upload
                0x0000000000005ab2                Z80_download
                0x0000000000005b0a                Z80_getLoadedDriver
                0x0000000000005b12                Z80_unloadDriver
                0x0000000000005b44                Z80_loadCustomDriver
                0x0000000000005b88                Z80_isDriverReady
                0x0000000000005bbe                Z80_loadDriver
 *fill*         0x0000000000005f0a        0x2 
 .text          0x0000000000005f0c        0x0 /opt/toolchains/gen//m68k-elf/lib/libmd.a(z80_vgm.o)
 .text          0x0000000000005f0c       0x88 /opt/toolchains/gen//m68k-elf/lib/libmd.a(kdebug.o)
                0x0000000000005f0c                KDebug_Halt
                0x0000000000005f16                KDebug_Alert
                0x0000000000005f32                KDebug_AlertNumber
                0x0000000000005f80                KDebug_StartTimer
                0x0000000000005f8a                KDebug_StopTimer
 .text          0x0000000000005f94      0x1b8 /opt/toolchains/gen//m68k-elf/lib/libmd.a(memory_a.o)
                0x0000000000005f94                memset
                0x000000000000600c                memsetU16
                0x000000000000606a                memsetU32
                0x00000000000060a8                memcpy
 *fill*         0x000000000000614c       0xb4 
 .text          0x0000000000006200      0x100 /opt/toolchains/gen//m68k-elf/lib/libmd.a(smp_null.o)
                0x0000000000006200                smp_null
 .text          0x0000000000006300       0x80 /opt/toolchains/gen//m68k-elf/lib/libmd.a(smp_null_pcm.o)
                0x0000000000006300                smp_null_pcm
 .text          0x0000000000006380       0x48 /opt/toolchains/gen//m68k-elf/lib/libmd.a(sys_a.o)
                0x0000000000006380                SYS_assertReset
                0x0000000000006384                SYS_reset
                0x0000000000006392                SYS_getInterruptMaskLevel
                0x000000000000639c                SYS_setInterruptMaskLevel
                0x00000000000063ae                SYS_getAndSetInterruptMaskLevel
 .text          0x00000000000063c8      0x10a /opt/toolchains/gen//m68k-elf/lib/libmd.a(tools_a.o)
                0x00000000000063c8                aplib_unpack
                0x00000000000063ce                aplib_decrunch
                0x0000000000006470                uftc_unpack
 *fill*         0x00000000000064d2        0x2 
 .text          0x00000000000064d4      0x15c /opt/toolchains/gen//m68k-elf/lib/libmd.a(vdp_pal_a.o)
                0x00000000000064d4                VDP_getPaletteColors
                0x000000000000653a                VDP_setPaletteColors
                0x00000000000065a0                VDP_getPalette
                0x00000000000065e8                VDP_setPalette
 .text          0x0000000000006630      0x102 /opt/toolchains/gen//m68k-elf/lib/libmd.a(vdp_tile_a.o)
                0x0000000000006630                VDP_loadTileData
                0x00000000000066ac                VDP_loadBMPTileData
 *fill*         0x0000000000006732        0x2 
 .text          0x0000000000006734      0xb26 /opt/toolchains/gen//m68k-elf/lib/libmd.a(z80_drv1.o)
                0x0000000000006734                z80_drv1
 *fill*         0x000000000000725a        0x2 
 .text          0x000000000000725c      0xe00 /opt/toolchains/gen//m68k-elf/lib/libmd.a(z80_drv2.o)
                0x000000000000725c                z80_drv2
 .text          0x000000000000805c      0xa64 /opt/toolchains/gen//m68k-elf/lib/libmd.a(z80_drv3.o)
                0x000000000000805c                z80_drv3
 .text          0x0000000000008ac0      0xa5c /opt/toolchains/gen//m68k-elf/lib/libmd.a(z80_mvs.o)
                0x0000000000008ac0                z80_mvs
 .text          0x000000000000951c      0x69e /opt/toolchains/gen//m68k-elf/lib/libmd.a(z80_tfm.o)
                0x000000000000951c                z80_tfm
 *fill*         0x0000000000009bba        0x2 
 .text          0x0000000000009bbc     0x1700 /opt/toolchains/gen//m68k-elf/lib/libmd.a(z80_xgm.o)
                0x0000000000009bbc                z80_xgm
 .text          0x000000000000b2bc        0x0 /opt/toolchains/gen//m68k-elf/lib/libmd.a(libres.o)
 .text          0x000000000000b2bc     0x111e /opt/toolchains/gen//m68k-elf/lib/libmd.a(bmp.o)
                0x000000000000b410                BMP_end
                0x000000000000b474                BMP_hasFlipRequestPending
                0x000000000000b482                BMP_waitWhileFlipRequestPending
                0x000000000000b492                BMP_hasFlipInProgess
                0x000000000000b49e                BMP_waitFlipComplete
                0x000000000000b4ae                BMP_flip
                0x000000000000b502                BMP_drawText
                0x000000000000b560                BMP_clearText
                0x000000000000b5bc                BMP_clearTextLine
                0x000000000000b5fc                BMP_showFPS
                0x000000000000b6ce                BMP_clear
                0x000000000000b6de                BMP_reset
                0x000000000000b800                BMP_init
                0x000000000000b83e                BMP_getWritePointer
                0x000000000000b864                BMP_getReadPointer
                0x000000000000b88a                BMP_getPixel
                0x000000000000b8c2                BMP_setPixel
                0x000000000000b8fa                BMP_setPixels_V2D
                0x000000000000b94a                BMP_setPixels
                0x000000000000b9a4                BMP_drawBitmapData
                0x000000000000ba46                BMP_drawBitmap
                0x000000000000bb1a                BMP_loadBitmapData
                0x000000000000bb4c                BMP_loadBitmap
                0x000000000000bb72                BMP_getBitmapPalette
                0x000000000000bb8e                BMP_scale
                0x000000000000bc68                BMP_drawBitmapScaled
                0x000000000000bd72                BMP_loadAndScaleBitmap
                0x000000000000bda8                BMP_doVBlankProcess
                0x000000000000bdb0                BMP_doHBlankProcess
 *fill*         0x000000000000c3da        0x2 
 .text          0x000000000000c3dc      0x5a8 /opt/toolchains/gen//m68k-elf/lib/libmd.a(dma.o)
                0x000000000000c3dc                DMA_getAutoFlush
                0x000000000000c3e4                DMA_setAutoFlush
                0x000000000000c40a                DMA_getMaxTransferSize
                0x000000000000c412                DMA_setMaxTransferSize
                0x000000000000c41c                DMA_clearQueue
                0x000000000000c436                DMA_flushQueue
                0x000000000000c4fa                DMA_getQueueSize
                0x000000000000c502                DMA_getQueueTransferSize
                0x000000000000c50a                DMA_queueDma
                0x000000000000c6f4                DMA_waitCompletion
                0x000000000000c702                DMA_doDma
                0x000000000000c852                DMA_doVRamFill
                0x000000000000c8fe                DMA_doVRamCopy
 .text          0x000000000000c984     0x1804 /opt/toolchains/gen//m68k-elf/lib/libmd.a(joy.o)
                0x000000000000d41c                JOY_setEventHandler
                0x000000000000d426                JOY_setSupport
                0x000000000000d85e                JOY_init
                0x000000000000db9e                JOY_getPortType
                0x000000000000dbbe                JOY_getJoypadType
                0x000000000000dbde                JOY_readJoypad
                0x000000000000dc2e                JOY_readJoypadX
                0x000000000000dc50                JOY_readJoypadY
                0x000000000000dc72                JOY_update
                0x000000000000e094                JOY_waitPressTime
                0x000000000000e13a                JOY_waitPressBtn
                0x000000000000e150                JOY_waitPressBtnTime
                0x000000000000e16c                JOY_waitPress
 .text          0x000000000000e188      0x656 /opt/toolchains/gen//m68k-elf/lib/libmd.a(maths.o)
                0x000000000000e188                random
                0x000000000000e1a8                intToBCD
                0x000000000000e23c                distance_approx
                0x000000000000e28e                Partition_u8
                0x000000000000e310                QSort_u8
                0x000000000000e35e                Partition_s8
                0x000000000000e3e0                QSort_s8
                0x000000000000e42e                Partition_u16
                0x000000000000e4be                QSort_u16
                0x000000000000e50c                Partition_s16
                0x000000000000e59c                QSort_s16
                0x000000000000e5ea                Partition_u32
                0x000000000000e696                QSort_u32
                0x000000000000e6e4                Partition_s32
                0x000000000000e790                QSort_s32
 *fill*         0x000000000000e7de        0x2 
 .text          0x000000000000e7e0      0x236 /opt/toolchains/gen//m68k-elf/lib/libmd.a(memory.o)
                0x000000000000e7e0                MEM_init
                0x000000000000e808                MEM_getFree
                0x000000000000e832                MEM_free
                0x000000000000e844                MEM_alloc
                0x000000000000e922                memcpyU16
                0x000000000000e940                memcpyU32
                0x000000000000e960                fastMemset
                0x000000000000e980                fastMemsetU16
                0x000000000000e9a0                fastMemsetU32
                0x000000000000e9bc                fastMemcpy
                0x000000000000e9d8                fastMemcpyU16
                0x000000000000e9f6                fastMemcpyU32
 *fill*         0x000000000000ea16        0x2 
 .text          0x000000000000ea18      0x114 /opt/toolchains/gen//m68k-elf/lib/libmd.a(psg.o)
                0x000000000000ea18                PSG_init
                0x000000000000ea44                PSG_write
                0x000000000000ea4e                PSG_setEnvelope
                0x000000000000ea6e                PSG_setTone
                0x000000000000ea9e                PSG_setFrequency
                0x000000000000eb04                PSG_setNoise
 .text          0x000000000000eb2c      0xf5c /opt/toolchains/gen//m68k-elf/lib/libmd.a(sound.o)
                0x000000000000eb2c                SND_isPlaying_PCM
                0x000000000000eb60                SND_startPlay_PCM
                0x000000000000ec04                SND_stopPlay_PCM
                0x000000000000ec6e                SND_isPlaying_2ADPCM
                0x000000000000eca4                SND_startPlay_2ADPCM
                0x000000000000ed64                SND_stopPlay_2ADPCM
                0x000000000000edde                SND_isPlaying_4PCM_ENV
                0x000000000000ee14                SND_startPlay_4PCM_ENV
                0x000000000000eeee                SND_stopPlay_4PCM_ENV
                0x000000000000ef68                SND_setVolume_4PCM_ENV
                0x000000000000efb0                SND_getVolume_4PCM_ENV
                0x000000000000eff2                SND_isPlaying_MVS
                0x000000000000f024                SND_startPlay_MVS
                0x000000000000f08e                SND_stopPlay_MVS
                0x000000000000f0c0                SND_setTempo_MVS
                0x000000000000f0f0                SND_startDAC_MVS
                0x000000000000f152                SND_stopDAC_MVS
                0x000000000000f17c                SND_isPlayingPSG_MVS
                0x000000000000f1aa                SND_startPSG_MVS
                0x000000000000f1f6                SND_stopPSG_MVS
                0x000000000000f220                SND_enablePSG_MVS
                0x000000000000f260                SND_disablePSG_MVS
                0x000000000000f2a0                SND_startPlay_TFM
                0x000000000000f314                SND_stopPlay_TFM
                0x000000000000f31c                SND_stopPlay_VGM
                0x000000000000f348                SND_resumePlay_VGM
                0x000000000000f374                SND_isPlaying_VGM
                0x000000000000f3a4                SND_startPlay_VGM
                0x000000000000f420                SND_playSfx_VGM
                0x000000000000f482                SND_isPlaying_XGM
                0x000000000000f4b6                SND_startPlay_XGM
                0x000000000000f5ce                SND_stopPlay_XGM
                0x000000000000f636                SND_pausePlay_XGM
                0x000000000000f668                SND_resumePlay_XGM
                0x000000000000f6a2                SND_isPlayingPCM_XGM
                0x000000000000f6d8                SND_setPCMFast_XGM
                0x000000000000f716                SND_setPCM_XGM
                0x000000000000f756                SND_startPlayPCM_XGM
                0x000000000000f7b8                SND_stopPlayPCM_XGM
                0x000000000000f80e                SND_set68KBUSProtection_XGM
                0x000000000000f836                SND_nextXFrame_XGM
                0x000000000000f87e                SND_getManualSync_XGM
                0x000000000000f88a                SND_setManualSync_XGM
                0x000000000000f8d0                SND_getForceDelayDMA_XGM
                0x000000000000f8dc                SND_setForceDelayDMA_XGM
                0x000000000000f902                SND_getMusicTempo_XGM
                0x000000000000f90a                SND_setMusicTempo_XGM
                0x000000000000f932                SND_getCPULoad_XGM
                0x000000000000f9f2                XGM_resetLoadCalculation
                0x000000000000fa20                XGM_doVBlankProcess
 .text          0x000000000000fa88      0x8d2 /opt/toolchains/gen//m68k-elf/lib/libmd.a(string.o)
                0x000000000000fa88                strlen
                0x000000000000fb74                strnlen
                0x000000000000fbb2                strcmp
                0x000000000000fbd2                strclr
                0x000000000000fbdc                strcpy
                0x000000000000fbee                strcat
                0x000000000000fc08                strreplace
                0x000000000000fc2c                intToStr
                0x000000000000fc5a                uintToStr
                0x000000000000fc76                intToHex
                0x000000000000fd2a                fix32ToStr
                0x000000000000fdaa                fix16ToStr
                0x000000000000fe24                sprintf
 *fill*         0x000000000001035a        0x2 
 .text          0x000000000001035c        0x0 /opt/toolchains/gen//m68k-elf/lib/libmd.a(tab_cnv.o)
 .text          0x000000000001035c        0x0 /opt/toolchains/gen//m68k-elf/lib/libmd.a(tab_vol.o)
 .text          0x000000000001035c        0xc /opt/toolchains/gen//m68k-elf/lib/libmd.a(types.o)
                0x000000000001035c                getZeroU8
                0x0000000000010360                getZeroU16
                0x0000000000010364                getZeroU32
 .text          0x0000000000010368      0x1f2 /opt/toolchains/gen//m68k-elf/lib/libmd.a(ym2612.o)
                0x0000000000010368                YM2612_read
                0x0000000000010382                YM2612_write
                0x00000000000103a6                YM2612_reset
                0x0000000000010490                YM2612_writeSafe
                0x00000000000104a8                YM2612_writeReg
                0x00000000000104fa                YM2612_writeRegSafe
                0x000000000001051c                YM2612_enableDAC
                0x000000000001053c                YM2612_disableDAC
 *fill*         0x000000000001055a        0x2 
 .text          0x000000000001055c     0x13f8 /opt/toolchains/gen//m68k-elf/lib/libmd.a(bmp_a.o)
                0x000000000001055c                clearBitmapBuffer
                0x000000000001069e                BMP_clipLine
                0x00000000000106ba                BMP_drawLine
                0x000000000001072a                BMP_isPolygonCulled
                0x0000000000011058                BMP_drawPolygon
 .text          0x0000000000011954       0x22 /opt/toolchains/gen//m68k-elf/lib/gcc/m68k-elf/4.8.2/libgcc.a(_mulsi3.o)
                0x0000000000011954                __mulsi3
 *fill*         0x0000000000011976        0x2 
 .text          0x0000000000011978       0x5c /opt/toolchains/gen//m68k-elf/lib/gcc/m68k-elf/4.8.2/libgcc.a(_udivsi3.o)
                0x0000000000011978                __udivsi3
 .text          0x00000000000119d4       0x2e /opt/toolchains/gen//m68k-elf/lib/gcc/m68k-elf/4.8.2/libgcc.a(_divsi3.o)
                0x00000000000119d4                __divsi3
 *fill*         0x0000000000011a02        0x2 
 .text          0x0000000000011a04       0x2e /opt/toolchains/gen//m68k-elf/lib/gcc/m68k-elf/4.8.2/libgcc.a(_umodsi3.o)
                0x0000000000011a04                __umodsi3
 *fill*         0x0000000000011a32        0x2 
 .text          0x0000000000011a34        0x0 main.o
                0x0000000000011a34                . = ALIGN (0x4)
                0x0000000000011a34                __CTOR_LIST__ = .
                0x0000000000011a34        0x4 LONG 0x0 (((__CTOR_END__ - __CTOR_LIST__) / 0x4) - 0x2)
 *(.ctors)
                0x0000000000011a38        0x4 LONG 0x0
                0x0000000000011a3c                __CTOR_END__ = .
                0x0000000000011a3c                __DTOR_LIST__ = .
                0x0000000000011a3c        0x4 LONG 0x0 (((__DTOR_END__ - __DTOR_LIST__) / 0x4) - 0x2)
 *(.dtors)
                0x0000000000011a40        0x4 LONG 0x0
                0x0000000000011a44                __DTOR_END__ = .
 *(.rodata .rodata.*)
 .rodata.str1.1
                0x0000000000011a44      0x13e /opt/toolchains/gen//m68k-elf/lib/libmd.a(sys.o)
 .rodata.str1.1
                0x0000000000000000        0x2 /opt/toolchains/gen//m68k-elf/lib/libmd.a(tools.o)
 .rodata.str1.1
                0x0000000000011b82       0x21 /opt/toolchains/gen//m68k-elf/lib/libmd.a(vdp.o)
                                         0x4c (size before relaxing)
 *fill*         0x0000000000011ba3        0x1 
 .rodata        0x0000000000011ba4        0x4 /opt/toolchains/gen//m68k-elf/lib/libmd.a(vdp.o)
                0x0000000000011ba4                PLAN_A
                0x0000000000011ba6                PLAN_B
 .rodata        0x0000000000011ba8      0x104 /opt/toolchains/gen//m68k-elf/lib/libmd.a(vdp_pal.o)
                0x0000000000011ba8                palette_blue
                0x0000000000011bc8                palette_green
                0x0000000000011be8                palette_red
                0x0000000000011c08                palette_grey
                0x0000000000011c28                palette_black
                0x0000000000011c2c                palette_black_all
 .rodata        0x0000000000011cac      0xe40 /opt/toolchains/gen//m68k-elf/lib/libmd.a(z80_vgm.o)
                0x0000000000011cac                z80_vgm
 .rodata        0x0000000000012aec      0xcec /opt/toolchains/gen//m68k-elf/lib/libmd.a(libres.o)
                0x0000000000013492                logo_lib
                0x00000000000136fc                font_lib
                0x0000000000013724                font_pal_lib
                0x000000000001372c                stop_xgm
 .rodata        0x00000000000137d8       0x18 /opt/toolchains/gen//m68k-elf/lib/libmd.a(joy.o)
 .rodata.str1.1
                0x00000000000137f0       0x29 /opt/toolchains/gen//m68k-elf/lib/libmd.a(string.o)
 *fill*         0x0000000000013819        0x1 
 .rodata        0x000000000001381a      0x6f4 /opt/toolchains/gen//m68k-elf/lib/libmd.a(tab_cnv.o)
                0x000000000001381a                cnv_bcd_tab
                0x000000000001387e                cnv_8to32_tab
                0x0000000000013c7e                cnv_8to16_tab
                0x0000000000013e7e                cnv_4to32_tab
                0x0000000000013ebe                cnv_4to16_tab
                0x0000000000013ede                cnv_4to8_tab
                0x0000000000013eee                cnv_2to32_tab
                0x0000000000013efe                cnv_2to16_tab
                0x0000000000013f06                cnv_2to8_tab
                0x0000000000013f0a                cnv_2to4_tab
 .rodata        0x0000000000013f0e     0x1000 /opt/toolchains/gen//m68k-elf/lib/libmd.a(tab_vol.o)
                0x0000000000013f0e                tab_vol
 .rodata.str1.1
                0x0000000000014f0e        0xd main.o
 *(.gcc_except_table .gcc_except_table.*)
                0x0000000000014f1c                . = ALIGN (0x4)
 *fill*         0x0000000000014f1b        0x1 
                0x0000000000014f1c                __INIT_SECTION__ = .
 *(.init)
                0x0000000000014f1c        0x2 SHORT 0x4e75
                0x0000000000014f1e                __FINI_SECTION__ = .
 *(.fini)
                0x0000000000014f1e        0x2 SHORT 0x4e75
                0x0000000000014f20                _etext = .
 *(.lit)
                0x0000000000014f20                _stext = SIZEOF (.text)

.data           0x0000000000ff0000        0x4 load address 0x0000000000014f20
 *(.got.plt)
 *(.got)
 *(.shdata)
 *(.data .data.*)
 .data          0x0000000000ff0000        0x0 boot/sega.o
 .data          0x0000000000ff0000        0x0 /opt/toolchains/gen//m68k-elf/lib/libmd.a(sys.o)
 .data          0x0000000000ff0000        0x0 /opt/toolchains/gen//m68k-elf/lib/libmd.a(tile_cache.o)
 .data          0x0000000000ff0000        0x0 /opt/toolchains/gen//m68k-elf/lib/libmd.a(timer.o)
 .data          0x0000000000ff0000        0x0 /opt/toolchains/gen//m68k-elf/lib/libmd.a(tools.o)
 .data          0x0000000000ff0000        0x0 /opt/toolchains/gen//m68k-elf/lib/libmd.a(vdp.o)
 .data          0x0000000000ff0000        0x0 /opt/toolchains/gen//m68k-elf/lib/libmd.a(vdp_bg.o)
 .data          0x0000000000ff0000        0x0 /opt/toolchains/gen//m68k-elf/lib/libmd.a(vdp_dma.o)
 .data          0x0000000000ff0000        0x0 /opt/toolchains/gen//m68k-elf/lib/libmd.a(vdp_pal.o)
 .data          0x0000000000ff0000        0x0 /opt/toolchains/gen//m68k-elf/lib/libmd.a(vdp_spr.o)
 .data          0x0000000000ff0000        0x0 /opt/toolchains/gen//m68k-elf/lib/libmd.a(vdp_tile.o)
 .data          0x0000000000ff0000        0x0 /opt/toolchains/gen//m68k-elf/lib/libmd.a(z80_ctrl.o)
 .data          0x0000000000ff0000        0x0 /opt/toolchains/gen//m68k-elf/lib/libmd.a(z80_vgm.o)
 .data          0x0000000000ff0000        0x0 /opt/toolchains/gen//m68k-elf/lib/libmd.a(kdebug.o)
 .data          0x0000000000ff0000        0x0 /opt/toolchains/gen//m68k-elf/lib/libmd.a(memory_a.o)
 .data          0x0000000000ff0000        0x0 /opt/toolchains/gen//m68k-elf/lib/libmd.a(smp_null.o)
 .data          0x0000000000ff0000        0x0 /opt/toolchains/gen//m68k-elf/lib/libmd.a(smp_null_pcm.o)
 .data          0x0000000000ff0000        0x0 /opt/toolchains/gen//m68k-elf/lib/libmd.a(sys_a.o)
 .data          0x0000000000ff0000        0x0 /opt/toolchains/gen//m68k-elf/lib/libmd.a(tools_a.o)
 .data          0x0000000000ff0000        0x0 /opt/toolchains/gen//m68k-elf/lib/libmd.a(vdp_pal_a.o)
 .data          0x0000000000ff0000        0x0 /opt/toolchains/gen//m68k-elf/lib/libmd.a(vdp_tile_a.o)
 .data          0x0000000000ff0000        0x0 /opt/toolchains/gen//m68k-elf/lib/libmd.a(z80_drv1.o)
 .data          0x0000000000ff0000        0x0 /opt/toolchains/gen//m68k-elf/lib/libmd.a(z80_drv2.o)
 .data          0x0000000000ff0000        0x0 /opt/toolchains/gen//m68k-elf/lib/libmd.a(z80_drv3.o)
 .data          0x0000000000ff0000        0x0 /opt/toolchains/gen//m68k-elf/lib/libmd.a(z80_mvs.o)
 .data          0x0000000000ff0000        0x0 /opt/toolchains/gen//m68k-elf/lib/libmd.a(z80_tfm.o)
 .data          0x0000000000ff0000        0x0 /opt/toolchains/gen//m68k-elf/lib/libmd.a(z80_xgm.o)
 .data          0x0000000000ff0000        0x0 /opt/toolchains/gen//m68k-elf/lib/libmd.a(libres.o)
 .data          0x0000000000ff0000        0x0 /opt/toolchains/gen//m68k-elf/lib/libmd.a(bmp.o)
 .data          0x0000000000ff0000        0x4 /opt/toolchains/gen//m68k-elf/lib/libmd.a(dma.o)
 .data          0x0000000000ff0004        0x0 /opt/toolchains/gen//m68k-elf/lib/libmd.a(joy.o)
 .data          0x0000000000ff0004        0x0 /opt/toolchains/gen//m68k-elf/lib/libmd.a(maths.o)
 .data          0x0000000000ff0004        0x0 /opt/toolchains/gen//m68k-elf/lib/libmd.a(memory.o)
 .data          0x0000000000ff0004        0x0 /opt/toolchains/gen//m68k-elf/lib/libmd.a(psg.o)
 .data          0x0000000000ff0004        0x0 /opt/toolchains/gen//m68k-elf/lib/libmd.a(sound.o)
 .data          0x0000000000ff0004        0x0 /opt/toolchains/gen//m68k-elf/lib/libmd.a(string.o)
 .data          0x0000000000ff0004        0x0 /opt/toolchains/gen//m68k-elf/lib/libmd.a(tab_cnv.o)
 .data          0x0000000000ff0004        0x0 /opt/toolchains/gen//m68k-elf/lib/libmd.a(tab_vol.o)
 .data          0x0000000000ff0004        0x0 /opt/toolchains/gen//m68k-elf/lib/libmd.a(types.o)
 .data          0x0000000000ff0004        0x0 /opt/toolchains/gen//m68k-elf/lib/libmd.a(ym2612.o)
 .data          0x0000000000ff0004        0x0 /opt/toolchains/gen//m68k-elf/lib/libmd.a(bmp_a.o)
 .data          0x0000000000ff0004        0x0 /opt/toolchains/gen//m68k-elf/lib/gcc/m68k-elf/4.8.2/libgcc.a(_mulsi3.o)
 .data          0x0000000000ff0004        0x0 /opt/toolchains/gen//m68k-elf/lib/gcc/m68k-elf/4.8.2/libgcc.a(_udivsi3.o)
 .data          0x0000000000ff0004        0x0 /opt/toolchains/gen//m68k-elf/lib/gcc/m68k-elf/4.8.2/libgcc.a(_divsi3.o)
 .data          0x0000000000ff0004        0x0 /opt/toolchains/gen//m68k-elf/lib/gcc/m68k-elf/4.8.2/libgcc.a(_umodsi3.o)
 .data          0x0000000000ff0004        0x0 main.o
                0x0000000000ff0004                _edata = .
                0x0000000000000004                _sdata = SIZEOF (.data)

.bss            0x0000000000ff0004      0xa42 load address 0x0000000000014f24
                0x0000000000ff0004                _start = .
 *(.shbss)
 *(.bss .bss.*)
 .bss           0x0000000000ff0004        0x0 boot/sega.o
 .bss           0x0000000000ff0004       0x14 /opt/toolchains/gen//m68k-elf/lib/libmd.a(sys.o)
 .bss           0x0000000000ff0018        0x4 /opt/toolchains/gen//m68k-elf/lib/libmd.a(tile_cache.o)
 .bss           0x0000000000ff001c       0x40 /opt/toolchains/gen//m68k-elf/lib/libmd.a(timer.o)
 .bss           0x0000000000ff005c       0x10 /opt/toolchains/gen//m68k-elf/lib/libmd.a(tools.o)
 .bss           0x0000000000ff006c       0x13 /opt/toolchains/gen//m68k-elf/lib/libmd.a(vdp.o)
 *fill*         0x0000000000ff007f        0x1 
 .bss           0x0000000000ff0080        0x0 /opt/toolchains/gen//m68k-elf/lib/libmd.a(vdp_bg.o)
 .bss           0x0000000000ff0080        0x0 /opt/toolchains/gen//m68k-elf/lib/libmd.a(vdp_dma.o)
 .bss           0x0000000000ff0080      0x386 /opt/toolchains/gen//m68k-elf/lib/libmd.a(vdp_pal.o)
 *fill*         0x0000000000ff0406        0x2 
 .bss           0x0000000000ff0408        0x0 /opt/toolchains/gen//m68k-elf/lib/libmd.a(vdp_spr.o)
 .bss           0x0000000000ff0408        0x0 /opt/toolchains/gen//m68k-elf/lib/libmd.a(vdp_tile.o)
 .bss           0x0000000000ff0408        0x0 /opt/toolchains/gen//m68k-elf/lib/libmd.a(z80_ctrl.o)
 .bss           0x0000000000ff0408        0x0 /opt/toolchains/gen//m68k-elf/lib/libmd.a(z80_vgm.o)
 .bss           0x0000000000ff0408        0x0 /opt/toolchains/gen//m68k-elf/lib/libmd.a(kdebug.o)
 .bss           0x0000000000ff0408        0x0 /opt/toolchains/gen//m68k-elf/lib/libmd.a(memory_a.o)
 .bss           0x0000000000ff0408        0x0 /opt/toolchains/gen//m68k-elf/lib/libmd.a(smp_null.o)
 .bss           0x0000000000ff0408        0x0 /opt/toolchains/gen//m68k-elf/lib/libmd.a(smp_null_pcm.o)
 .bss           0x0000000000ff0408        0x0 /opt/toolchains/gen//m68k-elf/lib/libmd.a(sys_a.o)
 .bss           0x0000000000ff0408        0x0 /opt/toolchains/gen//m68k-elf/lib/libmd.a(tools_a.o)
 .bss           0x0000000000ff0408        0x0 /opt/toolchains/gen//m68k-elf/lib/libmd.a(vdp_pal_a.o)
 .bss           0x0000000000ff0408        0x0 /opt/toolchains/gen//m68k-elf/lib/libmd.a(vdp_tile_a.o)
 .bss           0x0000000000ff0408        0x0 /opt/toolchains/gen//m68k-elf/lib/libmd.a(z80_drv1.o)
 .bss           0x0000000000ff0408        0x0 /opt/toolchains/gen//m68k-elf/lib/libmd.a(z80_drv2.o)
 .bss           0x0000000000ff0408        0x0 /opt/toolchains/gen//m68k-elf/lib/libmd.a(z80_drv3.o)
 .bss           0x0000000000ff0408        0x0 /opt/toolchains/gen//m68k-elf/lib/libmd.a(z80_mvs.o)
 .bss           0x0000000000ff0408        0x0 /opt/toolchains/gen//m68k-elf/lib/libmd.a(z80_tfm.o)
 .bss           0x0000000000ff0408        0x0 /opt/toolchains/gen//m68k-elf/lib/libmd.a(z80_xgm.o)
 .bss           0x0000000000ff0408        0x0 /opt/toolchains/gen//m68k-elf/lib/libmd.a(libres.o)
 .bss           0x0000000000ff0408       0x14 /opt/toolchains/gen//m68k-elf/lib/libmd.a(bmp.o)
 .bss           0x0000000000ff041c        0xc /opt/toolchains/gen//m68k-elf/lib/libmd.a(dma.o)
 .bss           0x0000000000ff0428       0x46 /opt/toolchains/gen//m68k-elf/lib/libmd.a(joy.o)
 *fill*         0x0000000000ff046e        0x2 
 .bss           0x0000000000ff0470        0x0 /opt/toolchains/gen//m68k-elf/lib/libmd.a(maths.o)
 .bss           0x0000000000ff0470        0x8 /opt/toolchains/gen//m68k-elf/lib/libmd.a(memory.o)
 .bss           0x0000000000ff0478        0x0 /opt/toolchains/gen//m68k-elf/lib/libmd.a(psg.o)
 .bss           0x0000000000ff0478       0x8c /opt/toolchains/gen//m68k-elf/lib/libmd.a(sound.o)
 .bss           0x0000000000ff0504        0x0 /opt/toolchains/gen//m68k-elf/lib/libmd.a(string.o)
 .bss           0x0000000000ff0504        0x0 /opt/toolchains/gen//m68k-elf/lib/libmd.a(tab_cnv.o)
 .bss           0x0000000000ff0504        0x0 /opt/toolchains/gen//m68k-elf/lib/libmd.a(tab_vol.o)
 .bss           0x0000000000ff0504        0x0 /opt/toolchains/gen//m68k-elf/lib/libmd.a(types.o)
 .bss           0x0000000000ff0504        0x0 /opt/toolchains/gen//m68k-elf/lib/libmd.a(ym2612.o)
 .bss           0x0000000000ff0504        0x0 /opt/toolchains/gen//m68k-elf/lib/libmd.a(bmp_a.o)
 .bss           0x0000000000ff0504        0x0 /opt/toolchains/gen//m68k-elf/lib/gcc/m68k-elf/4.8.2/libgcc.a(_mulsi3.o)
 .bss           0x0000000000ff0504        0x0 /opt/toolchains/gen//m68k-elf/lib/gcc/m68k-elf/4.8.2/libgcc.a(_udivsi3.o)
 .bss           0x0000000000ff0504        0x0 /opt/toolchains/gen//m68k-elf/lib/gcc/m68k-elf/4.8.2/libgcc.a(_divsi3.o)
 .bss           0x0000000000ff0504        0x0 /opt/toolchains/gen//m68k-elf/lib/gcc/m68k-elf/4.8.2/libgcc.a(_umodsi3.o)
 .bss           0x0000000000ff0504        0x0 main.o
 *(COMMON)
 COMMON         0x0000000000ff0504       0x94 /opt/toolchains/gen//m68k-elf/lib/libmd.a(sys.o)
                0x0000000000ff0504                illegalInstCB
                0x0000000000ff0508                errorExceptionCB
                0x0000000000ff050c                trapvInstCB
                0x0000000000ff0510                chkInstCB
                0x0000000000ff0514                registerState
                0x0000000000ff0554                srState
                0x0000000000ff0556                line1x1xCB
                0x0000000000ff055a                ext2State
                0x0000000000ff055c                traceCB
                0x0000000000ff0560                intTrace
                0x0000000000ff0562                zeroDivideCB
                0x0000000000ff0566                internalExtIntCB
                0x0000000000ff056a                internalVIntCB
                0x0000000000ff056e                intCB
                0x0000000000ff0572                addressErrorCB
                0x0000000000ff0576                VIntProcess
                0x0000000000ff057a                ExtIntProcess
                0x0000000000ff057e                HIntProcess
                0x0000000000ff0582                privilegeViolationCB
                0x0000000000ff0586                pcState
                0x0000000000ff058a                ext1State
                0x0000000000ff058c                busErrorCB
                0x0000000000ff0590                internalHIntCB
                0x0000000000ff0594                addrState
 COMMON         0x0000000000ff0598        0x4 /opt/toolchains/gen//m68k-elf/lib/libmd.a(tile_cache.o)
                0x0000000000ff0598                uploads
 COMMON         0x0000000000ff059c        0x4 /opt/toolchains/gen//m68k-elf/lib/libmd.a(timer.o)
                0x0000000000ff059c                vtimer
 COMMON         0x0000000000ff05a0        0xe /opt/toolchains/gen//m68k-elf/lib/libmd.a(vdp.o)
                0x0000000000ff05a0                slist_adr
                0x0000000000ff05a2                hscrl_adr
                0x0000000000ff05a4                screenHeight
                0x0000000000ff05a6                screenWidth
                0x0000000000ff05a8                aplan_adr
                0x0000000000ff05aa                bplan_adr
                0x0000000000ff05ac                window_adr
 COMMON         0x0000000000ff05ae        0x8 /opt/toolchains/gen//m68k-elf/lib/libmd.a(vdp_bg.o)
                0x0000000000ff05ae                text_basetile
                0x0000000000ff05b0                curTileInd
                0x0000000000ff05b2                text_plan
 COMMON         0x0000000000ff05b6      0x282 /opt/toolchains/gen//m68k-elf/lib/libmd.a(vdp_spr.o)
                0x0000000000ff05b6                spriteNum
                0x0000000000ff05b8                vdpSpriteCache
 COMMON         0x0000000000ff0838        0x4 /opt/toolchains/gen//m68k-elf/lib/libmd.a(z80_ctrl.o)
                0x0000000000ff0838                driverFlags
                0x0000000000ff083a                currentDriver
 COMMON         0x0000000000ff083c        0x8 /opt/toolchains/gen//m68k-elf/lib/libmd.a(bmp.o)
                0x0000000000ff083c                bmp_buffer_write
                0x0000000000ff0840                bmp_buffer_read
 COMMON         0x0000000000ff0844      0x200 /opt/toolchains/gen//m68k-elf/lib/libmd.a(dma.o)
                0x0000000000ff0844                dmaQueues
 COMMON         0x0000000000ff0a44        0x2 /opt/toolchains/gen//m68k-elf/lib/libmd.a(maths.o)
                0x0000000000ff0a44                randbase
                0x0000000000ff0a46                _bend = .

.stab
 *(.stab)

.stabstr
 *(.stabstr)

.eh_frame
 *(.eh_frame)
LOAD boot/sega.o
LOAD /opt/toolchains/gen//m68k-elf/lib/libmd.a
LOAD /opt/toolchains/gen//m68k-elf/lib/gcc/m68k-elf/4.8.2/libgcc.a
LOAD main.o
LOAD /opt/toolchains/gen//m68k-elf/lib/libmd.a
LOAD /opt/toolchains/gen//m68k-elf/m68k-elf/lib/libnosys.a
OUTPUT(out.elf elf32-m68k)

.comment        0x0000000000000000       0x11
 .comment       0x0000000000000000       0x11 /opt/toolchains/gen//m68k-elf/lib/libmd.a(sys.o)
                                         0x12 (size before relaxing)
 .comment       0x0000000000000000       0x12 /opt/toolchains/gen//m68k-elf/lib/libmd.a(tile_cache.o)
 .comment       0x0000000000000000       0x12 /opt/toolchains/gen//m68k-elf/lib/libmd.a(timer.o)
 .comment       0x0000000000000000       0x12 /opt/toolchains/gen//m68k-elf/lib/libmd.a(tools.o)
 .comment       0x0000000000000000       0x12 /opt/toolchains/gen//m68k-elf/lib/libmd.a(vdp.o)
 .comment       0x0000000000000000       0x12 /opt/toolchains/gen//m68k-elf/lib/libmd.a(vdp_bg.o)
 .comment       0x0000000000000000       0x12 /opt/toolchains/gen//m68k-elf/lib/libmd.a(vdp_dma.o)
 .comment       0x0000000000000000       0x12 /opt/toolchains/gen//m68k-elf/lib/libmd.a(vdp_pal.o)
 .comment       0x0000000000000000       0x12 /opt/toolchains/gen//m68k-elf/lib/libmd.a(vdp_spr.o)
 .comment       0x0000000000000000       0x12 /opt/toolchains/gen//m68k-elf/lib/libmd.a(vdp_tile.o)
 .comment       0x0000000000000000       0x12 /opt/toolchains/gen//m68k-elf/lib/libmd.a(z80_ctrl.o)
 .comment       0x0000000000000000       0x12 /opt/toolchains/gen//m68k-elf/lib/libmd.a(z80_vgm.o)
 .comment       0x0000000000000000       0x12 /opt/toolchains/gen//m68k-elf/lib/libmd.a(bmp.o)
 .comment       0x0000000000000000       0x12 /opt/toolchains/gen//m68k-elf/lib/libmd.a(dma.o)
 .comment       0x0000000000000000       0x12 /opt/toolchains/gen//m68k-elf/lib/libmd.a(joy.o)
 .comment       0x0000000000000000       0x12 /opt/toolchains/gen//m68k-elf/lib/libmd.a(maths.o)
 .comment       0x0000000000000000       0x12 /opt/toolchains/gen//m68k-elf/lib/libmd.a(memory.o)
 .comment       0x0000000000000000       0x12 /opt/toolchains/gen//m68k-elf/lib/libmd.a(psg.o)
 .comment       0x0000000000000000       0x12 /opt/toolchains/gen//m68k-elf/lib/libmd.a(sound.o)
 .comment       0x0000000000000000       0x12 /opt/toolchains/gen//m68k-elf/lib/libmd.a(string.o)
 .comment       0x0000000000000000       0x12 /opt/toolchains/gen//m68k-elf/lib/libmd.a(tab_cnv.o)
 .comment       0x0000000000000000       0x12 /opt/toolchains/gen//m68k-elf/lib/libmd.a(tab_vol.o)
 .comment       0x0000000000000000       0x12 /opt/toolchains/gen//m68k-elf/lib/libmd.a(types.o)
 .comment       0x0000000000000000       0x12 /opt/toolchains/gen//m68k-elf/lib/libmd.a(ym2612.o)
 .comment       0x0000000000000000       0x12 main.o

.debug_line     0x0000000000000000      0x1cd
 .debug_line    0x0000000000000000       0x6a /opt/toolchains/gen//m68k-elf/lib/gcc/m68k-elf/4.8.2/libgcc.a(_mulsi3.o)
 .debug_line    0x000000000000006a       0x83 /opt/toolchains/gen//m68k-elf/lib/gcc/m68k-elf/4.8.2/libgcc.a(_udivsi3.o)
 .debug_line    0x00000000000000ed       0x72 /opt/toolchains/gen//m68k-elf/lib/gcc/m68k-elf/4.8.2/libgcc.a(_divsi3.o)
 .debug_line    0x000000000000015f       0x6e /opt/toolchains/gen//m68k-elf/lib/gcc/m68k-elf/4.8.2/libgcc.a(_umodsi3.o)

.debug_info     0x0000000000000000      0x240
 .debug_info    0x0000000000000000       0x90 /opt/toolchains/gen//m68k-elf/lib/gcc/m68k-elf/4.8.2/libgcc.a(_mulsi3.o)
 .debug_info    0x0000000000000090       0x90 /opt/toolchains/gen//m68k-elf/lib/gcc/m68k-elf/4.8.2/libgcc.a(_udivsi3.o)
 .debug_info    0x0000000000000120       0x90 /opt/toolchains/gen//m68k-elf/lib/gcc/m68k-elf/4.8.2/libgcc.a(_divsi3.o)
 .debug_info    0x00000000000001b0       0x90 /opt/toolchains/gen//m68k-elf/lib/gcc/m68k-elf/4.8.2/libgcc.a(_umodsi3.o)

.debug_abbrev   0x0000000000000000       0x50
 .debug_abbrev  0x0000000000000000       0x14 /opt/toolchains/gen//m68k-elf/lib/gcc/m68k-elf/4.8.2/libgcc.a(_mulsi3.o)
 .debug_abbrev  0x0000000000000014       0x14 /opt/toolchains/gen//m68k-elf/lib/gcc/m68k-elf/4.8.2/libgcc.a(_udivsi3.o)
 .debug_abbrev  0x0000000000000028       0x14 /opt/toolchains/gen//m68k-elf/lib/gcc/m68k-elf/4.8.2/libgcc.a(_divsi3.o)
 .debug_abbrev  0x000000000000003c       0x14 /opt/toolchains/gen//m68k-elf/lib/gcc/m68k-elf/4.8.2/libgcc.a(_umodsi3.o)

.debug_aranges  0x0000000000000000       0x80
 .debug_aranges
                0x0000000000000000       0x20 /opt/toolchains/gen//m68k-elf/lib/gcc/m68k-elf/4.8.2/libgcc.a(_mulsi3.o)
 .debug_aranges
                0x0000000000000020       0x20 /opt/toolchains/gen//m68k-elf/lib/gcc/m68k-elf/4.8.2/libgcc.a(_udivsi3.o)
 .debug_aranges
                0x0000000000000040       0x20 /opt/toolchains/gen//m68k-elf/lib/gcc/m68k-elf/4.8.2/libgcc.a(_divsi3.o)
 .debug_aranges
                0x0000000000000060       0x20 /opt/toolchains/gen//m68k-elf/lib/gcc/m68k-elf/4.8.2/libgcc.a(_umodsi3.o)
